removed './data/DeLIA_Iteration_Localnode_0.txt'
removed './data/DeLIA_Iteration_Localnode_1.txt'
removed './data/DeLIA_Iteration_Localnode_2.txt'
removed './data/DeLIA_Iteration_Localnode_3.txt'
removed './data/DeLIA_Local_node_0_gIteration_5_local_data_example.bin'
removed './data/DeLIA_Local_node_1_gIteration_4_local_data_example.bin'
removed './data/DeLIA_Local_node_2_gIteration_5_local_data_example.bin'
removed './data/DeLIA_Local_node_3_gIteration_5_local_data_example.bin'
removed './data/DeLIA_gIteration.txt'
removed './data/global_data_example.bin'
removed './data/settings.bin'
DELETING Data
CI TEST
RANK_0_RECEIVED_SIGNAL
RANK_1_RECEIVED_SIGNAL
RANK_2_RECEIVED_SIGNAL
RANK_3_RECEIVED_SIGNAL
