removed './data/DeLIA_Iteration_Localnode_0.txt'
removed './data/DeLIA_Iteration_Localnode_1.txt'
removed './data/DeLIA_Iteration_Localnode_2.txt'
removed './data/DeLIA_Iteration_Localnode_3.txt'
removed './data/DeLIA_Local_node_0_gIteration_8_local_data_example.bin'
removed './data/DeLIA_Local_node_1_gIteration_8_local_data_example.bin'
removed './data/DeLIA_Local_node_2_gIteration_8_local_data_example.bin'
removed './data/DeLIA_Local_node_3_gIteration_8_local_data_example.bin'
removed './data/DeLIA_gIteration.txt'
removed './data/global_data_example.bin'
removed './data/settings.bin'
DELETING Data
CI TEST
PID TTY TIME CMD 40576 pts/1 00:00:00 EXEC_TEST 40577 pts/1 00:00:00 EXEC_TEST 40578 pts/1 00:00:00 EXEC_TEST 40579 pts/1 00:00:00 EXEC_TEST
1 40577 1
    PID TTY          TIME CMD
  40576 pts/1    00:00:24 EXEC_TEST
  40577 pts/1    00:00:00 EXEC_TEST
  40578 pts/1    00:00:24 EXEC_TEST
  40579 pts/1    00:00:24 EXEC_TEST
LEADER_DETECT
NODE_2_OK
NODE_3_OK
VAI DA SIGKILL
